Java HotSpot(TM) 64-Bit Server VM (25.121-b13) for windows-amd64 JRE (1.8.0_121-b13), built on Dec 12 2016 18:21:36 by "java_re" with MS VC++ 10.0 (VS2010)
Memory: 4k page, physical 16645664k(6634508k free), swap 26684444k(4904780k free)
CommandLine flags: -XX:InitialHeapSize=266330624 -XX:MaxHeapSize=4261289984 -XX:+PrintGC -XX:+PrintGCDateStamps -XX:+PrintGCDetails -XX:+PrintGCTimeStamps -XX:+UseCompressedClassPointers -XX:+UseCompressedOops -XX:-UseLargePagesIndividualAllocation -XX:+UseParallelGC 
2018-07-04T19:12:57.690+0800: 0.138: [GC (Allocation Failure) [PSYoungGen: 64318K->712K(75776K)] 64318K->720K(249344K), 0.0010575 secs] [Times: user=0.00 sys=0.00, real=0.00 secs] 
2018-07-04T19:12:57.695+0800: 0.143: [GC (Allocation Failure) [PSYoungGen: 65462K->696K(75776K)] 65470K->704K(249344K), 0.0017349 secs] [Times: user=0.00 sys=0.00, real=0.00 secs] 
2018-07-04T19:12:57.702+0800: 0.151: [GC (Allocation Failure) [PSYoungGen: 64703K->680K(75776K)] 64711K->688K(249344K), 0.0008905 secs] [Times: user=0.00 sys=0.00, real=0.00 secs] 
2018-07-04T19:12:57.707+0800: 0.156: [GC (Allocation Failure) [PSYoungGen: 65436K->680K(140800K)] 65444K->696K(314368K), 0.0005844 secs] [Times: user=0.00 sys=0.00, real=0.00 secs] 
2018-07-04T19:12:57.732+0800: 0.181: [GC (Allocation Failure) [PSYoungGen: 130212K->664K(140800K)] 130228K->680K(314368K), 0.0008273 secs] [Times: user=0.00 sys=0.00, real=0.00 secs] 
2018-07-04T19:12:57.741+0800: 0.190: [GC (Allocation Failure) [PSYoungGen: 130201K->680K(261120K)] 130217K->696K(434688K), 0.0007511 secs] [Times: user=0.00 sys=0.00, real=0.00 secs] 
2018-07-04T19:12:57.786+0800: 0.235: [GC (Allocation Failure) [PSYoungGen: 260652K->0K(261120K)] 260668K->672K(434688K), 0.0010618 secs] [Times: user=0.00 sys=0.02, real=0.00 secs] 
2018-07-04T19:12:57.808+0800: 0.257: [GC (Allocation Failure) [PSYoungGen: 260096K->0K(521216K)] 260768K->672K(694784K), 0.0006902 secs] [Times: user=0.00 sys=0.00, real=0.00 secs] 
Heap
 PSYoungGen      total 521216K, used 10404K [0x000000076b580000, 0x000000078b380000, 0x00000007c0000000)
  eden space 520192K, 2% used [0x000000076b580000,0x000000076bfa90e0,0x000000078b180000)
  from space 1024K, 0% used [0x000000078b280000,0x000000078b280000,0x000000078b380000)
  to   space 1024K, 0% used [0x000000078b180000,0x000000078b180000,0x000000078b280000)
 ParOldGen       total 173568K, used 672K [0x00000006c2000000, 0x00000006cc980000, 0x000000076b580000)
  object space 173568K, 0% used [0x00000006c2000000,0x00000006c20a8060,0x00000006cc980000)
 Metaspace       used 3394K, capacity 4494K, committed 4864K, reserved 1056768K
  class space    used 374K, capacity 386K, committed 512K, reserved 1048576K
